\BOOKMARK [1][-]{section.1}{\376\377\000A\000l\000c\000a\000n\000c\000e\000\040\000y\000\040\000s\000u\000p\000u\000e\000s\000t\000o\000s}{}% 1
\BOOKMARK [2][-]{subsection.1.1}{\376\377\000R\000e\000s\000t\000r\000i\000c\000c\000i\000o\000n\000e\000s\000\040\000d\000e\000l\000\040\000e\000s\000p\000a\000c\000i\000o\000\040\000d\000i\000s\000c\000r\000e\000t\000o}{section.1}% 2
\BOOKMARK [2][-]{subsection.1.2}{\376\377\000H\000i\000p\000\363\000t\000e\000s\000i\000s\000\040\000y\000\040\000l\000\355\000m\000i\000t\000e\000s}{section.1}% 3
\BOOKMARK [1][-]{section.2}{\376\377\000M\000o\000d\000e\000l\000o\000\040\000m\000a\000t\000e\000m\000\341\000t\000i\000c\000o}{}% 4
\BOOKMARK [2][-]{subsection.2.1}{\376\377\000R\000e\000l\000o\000j\000\040\000d\000e\000l\000\040\000P\000L\000L}{section.2}% 5
\BOOKMARK [2][-]{subsection.2.2}{\376\377\000D\000i\000v\000i\000s\000o\000r\000\040\000P\000I\000O\000\040\000y\000\040\000s\000a\000l\000i\000d\000a\000\040\000d\000e\000\040\000d\000o\000s\000\040\000e\000s\000t\000a\000d\000o\000s}{section.2}% 6
\BOOKMARK [2][-]{subsection.2.3}{\376\377\000P\000s\000e\000u\000d\000o\000c\000\363\000d\000i\000g\000o\000\040\000d\000e\000l\000\040\000a\000l\000g\000o\000r\000i\000t\000m\000o}{section.2}% 7
\BOOKMARK [1][-]{section.3}{\376\377\000R\000e\000s\000u\000l\000t\000a\000d\000o\000s\000\040\000p\000a\000r\000c\000i\000a\000l\000e\000s}{}% 8
\BOOKMARK [2][-]{subsection.3.1}{\376\377\000C\000a\000s\000o\000\040\0007\0000\0007\0004\0000\0000\0000\000H\000z}{section.3}% 9
\BOOKMARK [2][-]{subsection.3.2}{\376\377\000C\000a\000s\000o\000\040\0001\0004\0000\0007\0004\0000\0000\0000\000H\000z}{section.3}% 10
\BOOKMARK [2][-]{subsection.3.3}{\376\377\000C\000a\000s\000o\000\040\0002\0008\0000\0007\0004\0000\0000\0000\000H\000z}{section.3}% 11
\BOOKMARK [1][-]{section.4}{\376\377\000C\000o\000r\000r\000e\000c\000c\000i\000\363\000n\000\040\000t\000e\000m\000p\000o\000r\000a\000l\000\040\000t\000i\000p\000o\000\040\000B\000r\000e\000s\000e\000n\000h\000a\000m}{}% 12
\BOOKMARK [2][-]{subsection.4.1}{\376\377\000A\000c\000u\000m\000u\000l\000a\000d\000o\000r\000\040\000e\000n\000t\000e\000r\000o}{section.4}% 13
\BOOKMARK [1][-]{section.5}{\376\377\000I\000m\000p\000l\000e\000m\000e\000n\000t\000a\000c\000i\000\363\000n\000\040\000e\000n\000\040\000R\000P\0002\0000\0004\0000\000\040\000P\000I\000O}{}% 14
\BOOKMARK [2][-]{subsection.5.1}{\376\377\000L\000i\000m\000i\000t\000a\000c\000i\000\363\000n}{section.5}% 15
\BOOKMARK [2][-]{subsection.5.2}{\376\377\000A\000r\000q\000u\000i\000t\000e\000c\000t\000u\000r\000a\000:\000\040\000P\000I\000O\000\040\000+\000\040\000D\000M\000A\000\040\000+\000\040\000p\000a\000t\000r\000\363\000n\000\040\000d\000e\000\040\000t\000i\000e\000m\000p\000o}{section.5}% 16
\BOOKMARK [2][-]{subsection.5.3}{\376\377\000A\000l\000t\000e\000r\000n\000a\000t\000i\000v\000a\000,\000\040\000d\000i\000t\000h\000e\000r\000\040\000d\000e\000l\000\040\000r\000e\000g\000i\000s\000t\000r\000o\000\040\000C\000L\000K\000D\000I\000V}{section.5}% 17
\BOOKMARK [1][-]{section.6}{\376\377\000S\000o\000l\000v\000e\000r\000\040\000y\000\040\000f\000l\000u\000j\000o\000\040\000d\000e\000\040\000f\000i\000r\000m\000w\000a\000r\000e}{}% 18
\BOOKMARK [2][-]{subsection.6.1}{\376\377\000C\000r\000i\000t\000e\000r\000i\000o\000\040\000d\000e\000\040\000s\000e\000l\000e\000c\000c\000i\000\363\000n}{section.6}% 19
\BOOKMARK [2][-]{subsection.6.2}{\376\377\000V\000a\000l\000i\000d\000a\000c\000i\000o\000n\000e\000s\000\040\000d\000e\000\040\000e\000j\000e\000c\000u\000c\000i\000\363\000n}{section.6}% 20
\BOOKMARK [1][-]{section.7}{\376\377\000P\000r\000e\000c\000i\000s\000i\000\363\000n\000\040\000a\000b\000s\000o\000l\000u\000t\000a\000\040\000y\000\040\000c\000a\000l\000i\000b\000r\000a\000c\000i\000\363\000n}{}% 21
\BOOKMARK [1][-]{section.7}{\376\377\000C\000o\000n\000c\000l\000u\000s\000i\000o\000n\000e\000s}{}% 22
